Unity Editor version:    6000.5.4f1 (d550df8bd089)
Branch:                  6000.5/staging
Build type:              Release
Batch mode:              YES
macOS version:           Version 15.2 (Build 24C101)
Darwin version:          24.2.0
Architecture:            arm64
Running under Rosetta:   NO
Available memory:        16384 MB
Date:                    2026-08-26T03:29:09Z
[Licensing::Module] Trying to connect to existing licensing client channel...
[Licensing::IpcConnector] Channel LicenseClient-tuantu doesn't exist
Launching external process: /Applications/Unity/Hub/Editor/6000.5.4f1/Unity.app/Contents/Helpers/UnityLicensingClient.app/Contents/MacOS/Unity.Licensing.Client
[Licensing::Module] Successfully launched the LicensingClient (PId: 52065)
Launching external process: /Applications/Unity/Hub/Editor/6000.5.4f1/Unity.app/Contents/Helpers/PackageManager/Server/UnityPackageManager

COMMAND LINE ARGUMENTS:
/Applications/Unity/Hub/Editor/6000.5.4f1/Unity.app/Contents/MacOS/Unity
-batchmode
-quit
-projectPath
/Users/tuantu/Desktop/dev/AI/mobile/game_df/LaMuralla
-logFile
/Users/tuantu/Desktop/dev/AI/mobile/game_df/admob-compile-unity.log
Successfully changed project path to: /Users/tuantu/Desktop/dev/AI/mobile/game_df/LaMuralla
/Users/tuantu/Desktop/dev/AI/mobile/game_df/LaMuralla
[UnityMemory] Configuration Parameters - Can be set up in boot.config
    "memorysetup-temp-allocator-size-gi-baking-worker=262144"
    "memorysetup-temp-allocator-size-gi-baking-worker=262144"
    "memorysetup-temp-allocator-size-gi-baking-worker=262144"
    "memorysetup-temp-allocator-size-gi-baking-worker=262144"
    "memorysetup-temp-allocator-size-gi-baking-worker=262144"
    "memorysetup-temp-allocator-size-nav-mesh-worker=65536"
    "memorysetup-temp-allocator-size-audio-worker=65536"
    "memorysetup-temp-allocator-size-cloud-worker=32768"
    "memorysetup-allocator-temp-initial-block-size-main=262144"
    "memorysetup-allocator-temp-initial-block-size-worker=262144"
    "memorysetup-temp-allocator-size-preload-manager=33554432"
    "memorysetup-temp-allocator-size-gfx=262144"
    "memorysetup-temp-allocator-size-background-worker=32768"
    "memorysetup-temp-allocator-size-job-worker=262144"
    "memorysetup-bucket-allocator-granularity=16"
    "memorysetup-bucket-allocator-bucket-count=8"
    "memorysetup-bucket-allocator-block-size=33554432"
    "memorysetup-bucket-allocator-block-count=8"
    "memorysetup-main-allocator-block-size=16777216"
    "memorysetup-thread-allocator-block-size=16777216"
    "memorysetup-main-allocator-mimalloc-enabled=0"
    "memorysetup-gfx-main-allocator-block-size=16777216"
    "memorysetup-gfx-thread-allocator-block-size=16777216"
    "memorysetup-cache-allocator-block-size=4194304"
    "memorysetup-typetree-allocator-block-size=2097152"
    "memorysetup-profiler-bucket-allocator-granularity=16"
    "memorysetup-profiler-bucket-allocator-bucket-count=8"
    "memorysetup-profiler-bucket-allocator-block-size=33554432"
    "memorysetup-profiler-bucket-allocator-block-count=8"
    "memorysetup-profiler-allocator-block-size=16777216"
    "memorysetup-profiler-editor-allocator-block-size=1048576"
    "memorysetup-temp-allocator-size-main=16777216"
    "memorysetup-job-temp-allocator-block-size=2097152"
    "memorysetup-job-temp-allocator-block-size-background=1048576"
    "memorysetup-job-temp-allocator-reduction-small-platforms=262144"
Logging is directed to a specific file, skipping project log.Player connection [8314307136]  Target information:

Player connection [8314307136]  * "[IP] 192.168.1.29 [Port] 55504 [Flags] 2 [Guid] 2862404007 [EditorId] 2862404007 [Version] 1048832 [Id] OSXEditor(0,Mac-mini-cua-Le.local) [Debug] 1 [PackageName] OSXEditor [ProjectName] Editor" 

Player connection [8314307136] Host joined multi-casting on [225.0.0.222:54997]...
Player connection [8314307136] Host joined alternative multi-casting on [225.0.0.222:34997]...
Input System module state changed to: Initialized.
[Physics::Module] Initialized fallback backend.
[Physics::Module] Id: 0xdecafbad
[Licensing::IpcConnector] Successfully connected to: "LicenseClient-tuantu" at "2026-08-26T03:29:09.513771Z"
[Package Manager] Connected to IPC stream "Upm-52064" after 0.2 seconds.
[Licensing::Module] Licensing is not yet initialized.
[Licensing::Client] Handshaking with LicensingClient:
  Version:                 1.18.1+9fbee8e
  Session Id:              cf7787ac80c241f89ec024e475cf0328
  Correlation Id:          ea14c09b0ff59c4573132265f4fed7f1
  External correlation Id: 1514697503938380913
  Machine Id:              tZ6ndV0Sv7z2pvARXWdt0M81v+k=
[Licensing::Module] Successfully connected to LicensingClient on channel: "LicenseClient-tuantu" (connect: 0.17s, validation: 0.02s, handshake: 0.17s)
[Licensing::IpcConnector] Successfully connected to: "LicenseClient-tuantu-notifications" at "2026-08-26T03:29:09.697429Z"
[Licensing::Module] Connected to LicensingClient (PId: 52065, launch time: 0.00, total connection time: 0.35s)
[Licensing::Module] Error: Access token is unavailable; failed to update
[Licensing::Client] Successfully resolved entitlement details
[Licensing::Module] License group:
  Id: 18968467365468-UnityPersXXXX
  Product: Unity Personal
  Type: Assigned
  Expiration: Unlimited
[Licensing::Client] Successfully updated license, isAsync: True, time: 0.00
[Licensing::Client] Successfully resolved entitlement details
[Licensing::Module] Licensing Background thread has ended after 0.36s
[Licensing::Module] Licensing is initialized (took 0.09s).
[Licensing::Client] Successfully resolved entitlement details
Library Redirect Path: Library/
[Physics::Module] Selected backend.
[Physics::Module] Name: PhysX
[Physics::Module] Id: 0xf2b8ea05
[Physics::Module] SDK Version: 4.1.2
[Physics::Module] Integration Version: 1.0.0
[Physics::Module] Threading Mode: Multi-Threaded
[Licensing::Client] Successfully resolved entitlement details
Initialize engine version: 6000.5.4f1 (d550df8bd089)
[Subsystems] Discovering subsystems at path /Applications/Unity/Hub/Editor/6000.5.4f1/Unity.app/Contents/Resources/UnitySubsystems
[Subsystems] Discovering subsystems at path /Users/tuantu/Desktop/dev/AI/mobile/game_df/LaMuralla/Assets
GfxDevice: creating device client; kGfxThreadingModeNonThreaded
 preferred device: Apple M4 (high power)
Metal devices available: 1
0: Apple M4 (high power)
Using device Apple M4 (high power)
Initializing Metal device caps: Apple M4
Mac GPU Family: 2
Apple GPU Family: 9
MSL Version: 3.0
Has Float MSAA: 1
Has Float Filtering: 1
ReadWrite Texture Tier: 2
Initialize mono
Mono path[0] = '/Applications/Unity/Hub/Editor/6000.5.4f1/Unity.app/Contents/Resources/Scripting/Managed'
Mono path[1] = '/Applications/Unity/Hub/Editor/6000.5.4f1/Unity.app/Contents/Resources/Scripting/BCLExtensions/runtime/netstandard2.1'
Mono path[2] = '/Applications/Unity/Hub/Editor/6000.5.4f1/Unity.app/Contents/Resources/Scripting/MonoBleedingEdge/lib/mono/unityjit-macos'
Mono config path = '/Applications/Unity/Hub/Editor/6000.5.4f1/Unity.app/Contents/Resources/Scripting/MonoBleedingEdge/etc'
Using monoOptions --debugger-agent=transport=dt_socket,embedding=1,server=y,suspend=n,address=127.0.0.1:56064
CodeReloadManager initialized
ImportWorker Server TCP listen port: 0
AcceleratorClientConnectionCallback - disconnected - :0
Begin MonoManager ReloadAssembly
Registering precompiled unity dll's ...
Register platform support module: /Applications/Unity/Hub/Editor/6000.5.4f1/PlaybackEngines/MacStandaloneSupport/UnityEditor.OSXStandalone.Extensions.dll
Register platform support module: /Applications/Unity/Hub/Editor/6000.5.4f1/PlaybackEngines/iOSSupport/UnityEditor.iOS.Extensions.dll
Registered in 0.000429 seconds.
[usbmuxd] Start listen thread
[usbmuxd] Listen thread started
[usbmuxd] Send listen message
Native extension for iOS target not found
Native extension for OSXStandalone target not found
Package Manager log level set to [2]
ScheduleIndexationOnStartup MainProcess:False IndexOnStartup:True
Mono: successfully reloaded assembly
- Finished resetting the current domain, in  0.243 seconds
Domain Reload Profiling: 499ms
	BeginReloadAssembly (58ms)
	RebuildCommonClasses (3ms)
	RebuildNativeTypeToScriptingClass (9ms)
	initialDomainReloadingComplete (30ms)
	LoadAllAssembliesAndSetupDomain (157ms)
		LoadAssemblies (57ms)
		AnalyzeDomain (118ms)
			TypeCache.Refresh (118ms)
				TypeCache.ScanAssembly (109ms)
	FinalizeReload (243ms)
		SetupLoadedEditorAssemblies (0ms)
			InitializePlatformSupportModulesInManaged (35ms)
			BeforeProcessingInitializeOnLoad (45ms)
			ProcessInitializeOnLoadAttributes (52ms)
			ProcessInitializeOnLoadMethodAttributes (73ms)
[Licensing::Client] Successfully resolved entitlement details
[Licensing::Client] Successfully resolved entitlement details
Application.AssetDatabase Initial Refresh Start
[Package Manager] Restoring resolved packages state from cache
[Licensing::Client] Successfully resolved entitlement details
[Package Manager] Registered 36 packages:
  Packages from [https://package.openupm.com]:
    com.google.ads.mobile@11.3.0 (location: /Users/tuantu/Desktop/dev/AI/mobile/game_df/LaMuralla/Library/PackageCache/com.google.ads.mobile@d3eae59ba596)
    com.google.external-dependency-manager@1.2.187 (location: /Users/tuantu/Desktop/dev/AI/mobile/game_df/LaMuralla/Library/PackageCache/com.google.external-dependency-manager@f5312a5700af)
  Packages from [https://packages.unity.com]:
    com.unity.inputsystem@1.19.0 (location: /Users/tuantu/Desktop/dev/AI/mobile/game_df/LaMuralla/Library/PackageCache/com.unity.inputsystem@21a28c3a6c83)
    com.unity.ide.rider@3.0.38 (location: /Users/tuantu/Desktop/dev/AI/mobile/game_df/LaMuralla/Library/PackageCache/com.unity.ide.rider@1f60b3138684)
    com.unity.ide.visualstudio@2.0.26 (location: /Users/tuantu/Desktop/dev/AI/mobile/game_df/LaMuralla/Library/PackageCache/com.unity.ide.visualstudio@a99d56dec63f)
    com.unity.searcher@4.9.4 (location: /Users/tuantu/Desktop/dev/AI/mobile/game_df/LaMuralla/Library/PackageCache/com.unity.searcher@d45a78918735)
    com.unity.burst@1.8.29 (location: /Users/tuantu/Desktop/dev/AI/mobile/game_df/LaMuralla/Library/PackageCache/com.unity.burst@6bb9aca3ef38)
    com.unity.nuget.mono-cecil@1.11.6 (location: /Users/tuantu/Desktop/dev/AI/mobile/game_df/LaMuralla/Library/PackageCache/com.unity.nuget.mono-cecil@ecb9724e46ff)
    com.unity.test-framework.performance@3.5.0 (location: /Users/tuantu/Desktop/dev/AI/mobile/game_df/LaMuralla/Library/PackageCache/com.unity.test-framework.performance@8b56083ec0f0)
  Built-in packages:
    com.unity.2d.sprite@1.0.0 (location: /Users/tuantu/Desktop/dev/AI/mobile/game_df/LaMuralla/Library/PackageCache/com.unity.2d.sprite@053a968eab56)
    com.unity.render-pipelines.universal@17.5.0 (location: /Users/tuantu/Desktop/dev/AI/mobile/game_df/LaMuralla/Library/PackageCache/com.unity.render-pipelines.universal@e38be786c41e)
    com.unity.test-framework@1.7.0 (location: /Users/tuantu/Desktop/dev/AI/mobile/game_df/LaMuralla/Library/PackageCache/com.unity.test-framework@1405238725ab)
    com.unity.ugui@2.5.0 (location: /Users/tuantu/Desktop/dev/AI/mobile/game_df/LaMuralla/Library/PackageCache/com.unity.ugui@f2d87ebaaa32)
    com.unity.modules.animation@1.0.0 (location: /Users/tuantu/Desktop/dev/AI/mobile/game_df/LaMuralla/Library/PackageCache/com.unity.modules.animation)
    com.unity.modules.audio@1.0.0 (location: /Users/tuantu/Desktop/dev/AI/mobile/game_df/LaMuralla/Library/PackageCache/com.unity.modules.audio)
    com.unity.modules.director@1.0.0 (location: /Users/tuantu/Desktop/dev/AI/mobile/game_df/LaMuralla/Library/PackageCache/com.unity.modules.director)
    com.unity.modules.imageconversion@1.0.0 (location: /Users/tuantu/Desktop/dev/AI/mobile/game_df/LaMuralla/Library/PackageCache/com.unity.modules.imageconversion)
    com.unity.modules.imgui@1.0.0 (location: /Users/tuantu/Desktop/dev/AI/mobile/game_df/LaMuralla/Library/PackageCache/com.unity.modules.imgui)
    com.unity.modules.jsonserialize@1.0.0 (location: /Users/tuantu/Desktop/dev/AI/mobile/game_df/LaMuralla/Library/PackageCache/com.unity.modules.jsonserialize)
    com.unity.modules.particlesystem@1.0.0 (location: /Users/tuantu/Desktop/dev/AI/mobile/game_df/LaMuralla/Library/PackageCache/com.unity.modules.particlesystem)
    com.unity.modules.physics2d@1.0.0 (location: /Users/tuantu/Desktop/dev/AI/mobile/game_df/LaMuralla/Library/PackageCache/com.unity.modules.physics2d)
    com.unity.modules.physicscore2d@1.0.0 (location: /Users/tuantu/Desktop/dev/AI/mobile/game_df/LaMuralla/Library/PackageCache/com.unity.modules.physicscore2d)
    com.unity.modules.screencapture@1.0.0 (location: /Users/tuantu/Desktop/dev/AI/mobile/game_df/LaMuralla/Library/PackageCache/com.unity.modules.screencapture)
    com.unity.modules.ui@1.0.0 (location: /Users/tuantu/Desktop/dev/AI/mobile/game_df/LaMuralla/Library/PackageCache/com.unity.modules.ui)
    com.unity.modules.uielements@1.0.0 (location: /Users/tuantu/Desktop/dev/AI/mobile/game_df/LaMuralla/Library/PackageCache/com.unity.modules.uielements)
    com.unity.modules.unitywebrequest@1.0.0 (location: /Users/tuantu/Desktop/dev/AI/mobile/game_df/LaMuralla/Library/PackageCache/com.unity.modules.unitywebrequest)
    com.unity.modules.hierarchycore@1.0.0 (location: /Users/tuantu/Desktop/dev/AI/mobile/game_df/LaMuralla/Library/PackageCache/com.unity.modules.hierarchycore)
    com.unity.modules.physics@1.0.0 (location: /Users/tuantu/Desktop/dev/AI/mobile/game_df/LaMuralla/Library/PackageCache/com.unity.modules.physics)
    com.unity.ext.nunit@2.1.0 (location: /Users/tuantu/Desktop/dev/AI/mobile/game_df/LaMuralla/Library/PackageCache/com.unity.ext.nunit@44f7d31723bd)
    com.unity.render-pipelines.core@17.5.0 (location: /Users/tuantu/Desktop/dev/AI/mobile/game_df/LaMuralla/Library/PackageCache/com.unity.render-pipelines.core@539ef1c759fb)
    com.unity.shadergraph@17.5.0 (location: /Users/tuantu/Desktop/dev/AI/mobile/game_df/LaMuralla/Library/PackageCache/com.unity.shadergraph@636559dc59a3)
    com.unity.render-pipelines.universal-config@17.5.0 (location: /Users/tuantu/Desktop/dev/AI/mobile/game_df/LaMuralla/Library/PackageCache/com.unity.render-pipelines.universal-config@fdda01c80fe3)
    com.unity.modules.androidjni@1.0.0 (location: /Users/tuantu/Desktop/dev/AI/mobile/game_df/LaMuralla/Library/PackageCache/com.unity.modules.androidjni)
    com.unity.collections@6.5.0 (location: /Users/tuantu/Desktop/dev/AI/mobile/game_df/LaMuralla/Library/PackageCache/com.unity.collections@a43cabe808ca)
    com.unity.modules.terrain@1.0.0 (location: /Users/tuantu/Desktop/dev/AI/mobile/game_df/LaMuralla/Library/PackageCache/com.unity.modules.terrain)
    com.unity.mathematics@1.4.0 (location: /Users/tuantu/Desktop/dev/AI/mobile/game_df/LaMuralla/Library/PackageCache/com.unity.mathematics@981956d94fb6)
[Subsystems] No new subsystems found in resolved package list.
[Package Manager] Done registering packages in 0.01 seconds
[ScriptCompilation] Requested script compilation because: AssetDatabase observed changes in script compilation related files
info: Microsoft.Hosting.Lifetime[14]
      Now listening on: http://unix:/tmp/ilpp.sock-98c753a53bcdc717560c8df2da6dc7cd
info: Microsoft.Hosting.Lifetime[0]
      Application started. Press Ctrl+C to shut down.
info: Microsoft.Hosting.Lifetime[0]
      Hosting environment: Production
info: Microsoft.Hosting.Lifetime[0]
      Content root path: /Users/tuantu/Desktop/dev/AI/mobile/game_df/LaMuralla
info: Microsoft.AspNetCore.Hosting.Diagnostics[1]
      Request starting HTTP/2 POST http://ilpp/UnityILPP.PostProcessing/Ping - application/grpc -
info: Microsoft.AspNetCore.Routing.EndpointMiddleware[0]
      Executing endpoint 'gRPC - /UnityILPP.PostProcessing/Ping'
info: Microsoft.AspNetCore.Routing.EndpointMiddleware[1]
      Executed endpoint 'gRPC - /UnityILPP.PostProcessing/Ping'
info: Microsoft.AspNetCore.Hosting.Diagnostics[2]
      Request finished HTTP/2 POST http://ilpp/UnityILPP.PostProcessing/Ping - 200 - application/grpc 22.8931ms
Starting: /Applications/Unity/Hub/Editor/6000.5.4f1/Unity.app/Contents/Resources/BuildPipeline/bee_backend --ipc --defer-dag-verification --dagfile="Library/Bee/900b0aE.dag" --continue-on-failure --profile="Library/Bee/backend1.traceevents" ScriptAssemblies
WorkingDir: /Users/tuantu/Desktop/dev/AI/mobile/game_df/LaMuralla
DisplayProgressbar: Compiling Scripts
info: Microsoft.AspNetCore.Hosting.Diagnostics[1]
      Request starting HTTP/2 POST http://ilpp/UnityILPP.PostProcessing/ConfigurePostProcessors - application/grpc -
info: Microsoft.AspNetCore.Routing.EndpointMiddleware[0]
      Executing endpoint 'gRPC - /UnityILPP.PostProcessing/ConfigurePostProcessors'
warn: Unity.ILPP.Runner.PostProcessingAssemblyLoadContext[0]
      Assembly unityeditor.ios.extensions.xcode has duplicate hint path. Ignoring "/Applications/Unity/Hub/Editor/6000.5.4f1/PlaybackEngines/iOSSupport/UnityEditor.iOS.Extensions.Xcode.dll" in favor of "/Applications/Unity/Hub/Editor/6000.5.4f1/PlaybackEngines/MacStandaloneSupport/UnityEditor.iOS.Extensions.Xcode.dll"
warn: Unity.ILPP.Runner.PostProcessingAssemblyLoadContext[0]
      Assembly system.runtime.interopservices.windowsruntime has duplicate hint path. Ignoring "/Applications/Unity/Hub/Editor/6000.5.4f1/Unity.app/Contents/Resources/Scripting/UnityReferenceAssemblies/unity-4.8-api/Facades/System.Runtime.InteropServices.WindowsRuntime.dll" in favor of "/Applications/Unity/Hub/Editor/6000.5.4f1/Unity.app/Contents/Resources/Scripting/NetStandard/Extensions/2.0.0/System.Runtime.InteropServices.WindowsRuntime.dll"
warn: Unity.ILPP.Runner.PostProcessingAssemblyLoadContext[0]
      Assembly system.componentmodel.composition has duplicate hint path. Ignoring "/Applications/Unity/Hub/Editor/6000.5.4f1/Unity.app/Contents/Resources/Scripting/UnityReferenceAssemblies/unity-4.8-api/System.ComponentModel.Composition.dll" in favor of "/Applications/Unity/Hub/Editor/6000.5.4f1/Unity.app/Contents/Resources/Scripting/NetStandard/compat/2.1.0/shims/netfx/System.ComponentModel.Composition.dll"
info: Unity.ILPP.Runner.PostProcessingAssemblyLoadContext[0]
      Resolved Unity.Burst.Cecil, Version=0.11.6.0, Culture=neutral, PublicKeyToken=50cebf1cceb9d05e with Library/PackageCache/com.unity.burst@6bb9aca3ef38/Unity.Burst.CodeGen/Unity.Burst.Cecil.dll
info: Unity.ILPP.Runner.PostProcessingAssemblyLoadContext[0]
      Resolved Mono.Cecil, Version=0.11.5.0, Culture=neutral, PublicKeyToken=50cebf1cceb9d05e with Library/PackageCache/com.unity.nuget.mono-cecil@ecb9724e46ff/Mono.Cecil.dll
info: Microsoft.AspNetCore.Routing.EndpointMiddleware[1]
      Executed endpoint 'gRPC - /UnityILPP.PostProcessing/ConfigurePostProcessors'
info: Microsoft.AspNetCore.Hosting.Diagnostics[2]
      Request finished HTTP/2 POST http://ilpp/UnityILPP.PostProcessing/ConfigurePostProcessors - 200 - application/grpc 15.8979ms
info: Microsoft.AspNetCore.Hosting.Diagnostics[1]
      Request starting HTTP/2 POST http://ilpp/UnityILPP.PostProcessing/PostProcessAssembly - application/grpc -
info: Microsoft.AspNetCore.Routing.EndpointMiddleware[0]
      Executing endpoint 'gRPC - /UnityILPP.PostProcessing/PostProcessAssembly'
info: Unity.ILPP.Runner.PostProcessingPipeline[0]
      Processing assembly Library/Bee/artifacts/900b0aE.dag/LaMuralla.Unity.dll, with 144 defines and 280 references
info: Unity.ILPP.Runner.PostProcessingPipeline[0]
      processors: Unity.Jobs.CodeGen.JobsILPostProcessor, zzzUnity.Burst.CodeGen.BurstILPostProcessor
info: Unity.ILPP.Runner.PostProcessingPipeline[0]
      running Unity.Jobs.CodeGen.JobsILPostProcessor
info: Unity.ILPP.Runner.PostProcessingPipeline[0]
      running zzzUnity.Burst.CodeGen.BurstILPostProcessor
info: Microsoft.AspNetCore.Routing.EndpointMiddleware[1]
      Executed endpoint 'gRPC - /UnityILPP.PostProcessing/PostProcessAssembly'
info: Microsoft.AspNetCore.Hosting.Diagnostics[2]
      Request finished HTTP/2 POST http://ilpp/UnityILPP.PostProcessing/PostProcessAssembly - 200 - application/grpc 14.4935ms
info: Microsoft.AspNetCore.Hosting.Diagnostics[1]
      Request starting HTTP/2 POST http://ilpp/UnityILPP.PostProcessing/PostProcessAssembly - application/grpc -
info: Microsoft.AspNetCore.Routing.EndpointMiddleware[0]
      Executing endpoint 'gRPC - /UnityILPP.PostProcessing/PostProcessAssembly'
info: Unity.ILPP.Runner.PostProcessingPipeline[0]
      Processing assembly Library/Bee/artifacts/900b0aE.dag/LaMuralla.Editor.dll, with 142 defines and 312 references
info: Unity.ILPP.Runner.PostProcessingPipeline[0]
      processors: Unity.Jobs.CodeGen.JobsILPostProcessor, zzzUnity.Burst.CodeGen.BurstILPostProcessor
info: Unity.ILPP.Runner.PostProcessingPipeline[0]
      running Unity.Jobs.CodeGen.JobsILPostProcessor
info: Unity.ILPP.Runner.PostProcessingPipeline[0]
      running zzzUnity.Burst.CodeGen.BurstILPostProcessor
info: Microsoft.AspNetCore.Routing.EndpointMiddleware[1]
      Executed endpoint 'gRPC - /UnityILPP.PostProcessing/PostProcessAssembly'
info: Microsoft.AspNetCore.Hosting.Diagnostics[2]
      Request finished HTTP/2 POST http://ilpp/UnityILPP.PostProcessing/PostProcessAssembly - 200 - application/grpc 7.4989ms
ExitCode: 0 Duration: 2s264ms
[523/667    0s] ILPP-Configuration Library/ilpp-configuration.nevergeneratedoutput
[659/667    1s] Csc Library/Bee/artifacts/900b0aE.dag/LaMuralla.Unity.dll (+2 others)
Assets/_Project/Unity/AdMobRewardedAds.cs(38,28): warning CS8632: The annotation for nullable reference types should only be used in code within a '#nullable' annotations context.
Assets/_Project/Unity/AudioService.cs(25,37): warning CS8632: The annotation for nullable reference types should only be used in code within a '#nullable' annotations context.
Assets/_Project/Unity/AdMobRewardedAds.cs(19,39): warning CS8632: The annotation for nullable reference types should only be used in code within a '#nullable' annotations context.
Assets/_Project/Unity/MapSelect.cs(154,100): warning CS8632: The annotation for nullable reference types should only be used in code within a '#nullable' annotations context.
Assets/_Project/Unity/MapProgress.cs(67,29): warning CS8632: The annotation for nullable reference types should only be used in code within a '#nullable' annotations context.
Assets/_Project/Unity/MapSelect.cs(18,29): warning CS8632: The annotation for nullable reference types should only be used in code within a '#nullable' annotations context.
Assets/_Project/Unity/Draw.cs(88,61): warning CS8632: The annotation for nullable reference types should only be used in code within a '#nullable' annotations context.
Assets/_Project/Unity/Draw.cs(101,74): warning CS8632: The annotation for nullable reference types should only be used in code within a '#nullable' annotations context.
Assets/_Project/Unity/Draw.cs(15,42): warning CS8632: The annotation for nullable reference types should only be used in code within a '#nullable' annotations context.
Assets/_Project/Unity/AudioService.cs(93,26): warning CS8632: The annotation for nullable reference types should only be used in code within a '#nullable' annotations context.
Assets/_Project/Unity/Hud.cs(490,26): warning CS8632: The annotation for nullable reference types should only be used in code within a '#nullable' annotations context.
Assets/_Project/Unity/MatchView.cs(704,60): warning CS8632: The annotation for nullable reference types should only be used in code within a '#nullable' annotations context.
Assets/_Project/Unity/Hud.cs(532,38): warning CS8632: The annotation for nullable reference types should only be used in code within a '#nullable' annotations context.
Assets/_Project/Unity/Hud.cs(624,36): warning CS8632: The annotation for nullable reference types should only be used in code within a '#nullable' annotations context.
Assets/_Project/Unity/MatchView.cs(1250,42): warning CS8632: The annotation for nullable reference types should only be used in code within a '#nullable' annotations context.
Assets/_Project/Unity/MatchView.cs(1455,54): warning CS8632: The annotation for nullable reference types should only be used in code within a '#nullable' annotations context.
Assets/_Project/Unity/MatchView.cs(1529,24): warning CS8632: The annotation for nullable reference types should only be used in code within a '#nullable' annotations context.
Assets/_Project/Unity/MatchView.cs(1531,36): warning CS8632: The annotation for nullable reference types should only be used in code within a '#nullable' annotations context.
Assets/_Project/Unity/MatchView.cs(1553,45): warning CS8632: The annotation for nullable reference types should only be used in code within a '#nullable' annotations context.
Assets/_Project/Unity/MatchView.cs(1571,24): warning CS8632: The annotation for nullable reference types should only be used in code within a '#nullable' annotations context.
Assets/_Project/Unity/MatchView.cs(1582,24): warning CS8632: The annotation for nullable reference types should only be used in code within a '#nullable' annotations context.
Assets/_Project/Unity/Hud.cs(26,23): warning CS8632: The annotation for nullable reference types should only be used in code within a '#nullable' annotations context.
Assets/_Project/Unity/Draw.cs(16,42): warning CS8632: The annotation for nullable reference types should only be used in code within a '#nullable' annotations context.
Assets/_Project/Unity/Draw.cs(17,30): warning CS8632: The annotation for nullable reference types should only be used in code within a '#nullable' annotations context.
Assets/_Project/Unity/Draw.cs(50,32): warning CS8632: The annotation for nullable reference types should only be used in code within a '#nullable' annotations context.
Assets/_Project/Unity/Hud.cs(30,25): warning CS8632: The annotation for nullable reference types should only be used in code within a '#nullable' annotations context.
Assets/_Project/Unity/Hud.cs(54,32): warning CS8632: The annotation for nullable reference types should only be used in code within a '#nullable' annotations context.
Assets/_Project/Unity/Hud.cs(55,32): warning CS8632: The annotation for nullable reference types should only be used in code within a '#nullable' annotations context.
Assets/_Project/Unity/Hud.cs(56,32): warning CS8632: The annotation for nullable reference types should only be used in code within a '#nullable' annotations context.
Assets/_Project/Unity/Hud.cs(57,32): warning CS8632: The annotation for nullable reference types should only be used in code within a '#nullable' annotations context.
Assets/_Project/Unity/Hud.cs(106,28): warning CS8632: The annotation for nullable reference types should only be used in code within a '#nullable' annotations context.
Assets/_Project/Unity/Hud.cs(488,54): warning CS8632: The annotation for nullable reference types should only be used in code within a '#nullable' annotations context.
Assets/_Project/Unity/MatchView.cs(28,33): warning CS8632: The annotation for nullable reference types should only be used in code within a '#nullable' annotations context.
Assets/_Project/Unity/MatchView.cs(29,38): warning CS8632: The annotation for nullable reference types should only be used in code within a '#nullable' annotations context.
Assets/_Project/Unity/Hud.cs(848,32): warning CS8632: The annotation for nullable reference types should only be used in code within a '#nullable' annotations context.
Assets/_Project/Unity/Hud.cs(391,37): warning CS8632: The annotation for nullable reference types should only be used in code within a '#nullable' annotations context.
Assets/_Project/Unity/BakedConfig.cs(48,22): warning CS8632: The annotation for nullable reference types should only be used in code within a '#nullable' annotations context.
Assets/_Project/Unity/AudioService.cs(33,54): warning CS8632: The annotation for nullable reference types should only be used in code within a '#nullable' annotations context.
Assets/_Project/Unity/Icons.cs(33,61): warning CS8632: The annotation for nullable reference types should only be used in code within a '#nullable' annotations context.
Assets/_Project/Unity/MapSelect.cs(25,26): warning CS8632: The annotation for nullable reference types should only be used in code within a '#nullable' annotations context.
Assets/_Project/Unity/MapSelect.cs(26,26): warning CS8632: The annotation for nullable reference types should only be used in code within a '#nullable' annotations context.
Assets/_Project/Unity/MapSelect.cs(27,21): warning CS8632: The annotation for nullable reference types should only be used in code within a '#nullable' annotations context.
Assets/_Project/Unity/AdMobRewardedAds.cs(22,27): warning CS8632: The annotation for nullable reference types should only be used in code within a '#nullable' annotations context.
Assets/_Project/Unity/MapSelect.cs(28,21): warning CS8632: The annotation for nullable reference types should only be used in code within a '#nullable' annotations context.
Assets/_Project/Unity/MapSelect.cs(30,25): warning CS8632: The annotation for nullable reference types should only be used in code within a '#nullable' annotations context.
Assets/_Project/Unity/MapSelect.cs(31,25): warning CS8632: The annotation for nullable reference types should only be used in code within a '#nullable' annotations context.
Assets/_Project/Unity/MapSelect.cs(32,25): warning CS8632: The annotation for nullable reference types should only be used in code within a '#nullable' annotations context.
Assets/_Project/Unity/MapSelect.cs(33,25): warning CS8632: The annotation for nullable reference types should only be used in code within a '#nullable' annotations context.
Assets/_Project/Unity/MapSelect.cs(34,25): warning CS8632: The annotation for nullable reference types should only be used in code within a '#nullable' annotations context.
Assets/_Project/Unity/AdMobRewardedAds.cs(23,26): warning CS8632: The annotation for nullable reference types should only be used in code within a '#nullable' annotations context.
Assets/_Project/Unity/MapSelect.cs(35,25): warning CS8632: The annotation for nullable reference types should only be used in code within a '#nullable' annotations context.
Assets/_Project/Unity/MapSelect.cs(36,25): warning CS8632: The annotation for nullable reference types should only be used in code within a '#nullable' annotations context.
Assets/_Project/Unity/AdMobRewardedAds.cs(24,23): warning CS8632: The annotation for nullable reference types should only be used in code within a '#nullable' annotations context.
Assets/_Project/Unity/MapSelect.cs(37,25): warning CS8632: The annotation for nullable reference types should only be used in code within a '#nullable' annotations context.
Assets/_Project/Unity/MatchView.cs(79,30): warning CS8632: The annotation for nullable reference types should only be used in code within a '#nullable' annotations context.
Assets/_Project/Unity/MatchView.cs(80,30): warning CS8632: The annotation for nullable reference types should only be used in code within a '#nullable' annotations context.
Assets/_Project/Unity/AdMobRewardedAds.cs(25,23): warning CS8632: The annotation for nullable reference types should only be used in code within a '#nullable' annotations context.
Assets/_Project/Unity/MatchView.cs(81,30): warning CS8632: The annotation for nullable reference types should only be used in code within a '#nullable' annotations context.
Assets/_Project/Unity/MatchView.cs(82,30): warning CS8632: The annotation for nullable reference types should only be used in code within a '#nullable' annotations context.
Assets/_Project/Unity/MatchView.cs(91,29): warning CS8632: The annotation for nullable reference types should only be used in code within a '#nullable' annotations context.
Assets/_Project/Unity/MatchView.cs(555,32): warning CS8632: The annotation for nullable reference types should only be used in code within a '#nullable' annotations context.
Assets/_Project/Unity/PerfHud.cs(41,25): warning CS8632: The annotation for nullable reference types should only be used in code within a '#nullable' annotations context.
Assets/_Project/Unity/Pitch.cs(201,33): warning CS8632: The annotation for nullable reference types should only be used in code within a '#nullable' annotations context.
Assets/_Project/Unity/Pitch.cs(242,30): warning CS8632: The annotation for nullable reference types should only be used in code within a '#nullable' annotations context.
Assets/_Project/Unity/PerfHud.cs(44,27): warning CS8632: The annotation for nullable reference types should only be used in code within a '#nullable' annotations context.
Assets/_Project/Unity/MatchView.cs(1237,70): warning CS8632: The annotation for nullable reference types should only be used in code within a '#nullable' annotations context.
Assets/_Project/Unity/Icons.cs(39,54): warning CS8632: The annotation for nullable reference types should only be used in code within a '#nullable' annotations context.
Assets/_Project/Unity/AudioService.cs(83,22): warning CS8632: The annotation for nullable reference types should only be used in code within a '#nullable' annotations context.
Assets/_Project/Unity/AudioService.cs(95,54): warning CS8632: The annotation for nullable reference types should only be used in code within a '#nullable' annotations context.
Assets/_Project/Unity/Draw.cs(159,64): warning CS8632: The annotation for nullable reference types should only be used in code within a '#nullable' annotations context.
Assets/_Project/Unity/MatchView.cs(224,19): warning CS8632: The annotation for nullable reference types should only be used in code within a '#nullable' annotations context.
Assets/_Project/Unity/AdMobRewardedAds.cs(179,19): warning CS8632: The annotation for nullable reference types should only be used in code within a '#nullable' annotations context.
Assets/_Project/Unity/MatchView.cs(496,26): warning CS8632: The annotation for nullable reference types should only be used in code within a '#nullable' annotations context.
Assets/_Project/Unity/Hud.cs(492,56): warning CS8632: The annotation for nullable reference types should only be used in code within a '#nullable' annotations context.
Assets/_Project/Unity/Hud.cs(717,19): warning CS8632: The annotation for nullable reference types should only be used in code within a '#nullable' annotations context.
Assets/_Project/Unity/Hud.cs(731,26): warning CS8632: The annotation for nullable reference types should only be used in code within a '#nullable' annotations context.
Assets/_Project/Unity/Hud.cs(784,26): warning CS8632: The annotation for nullable reference types should only be used in code within a '#nullable' annotations context.
Assets/_Project/Unity/Hud.cs(810,23): warning CS8632: The annotation for nullable reference types should only be used in code within a '#nullable' annotations context.
Assets/_Project/Unity/Hud.cs(891,23): warning CS8632: The annotation for nullable reference types should only be used in code within a '#nullable' annotations context.
Assets/_Project/Unity/Hud.cs(892,87): warning CS8632: The annotation for nullable reference types should only be used in code within a '#nullable' annotations context.
Assets/_Project/Unity/Hud.cs(894,81): warning CS8632: The annotation for nullable reference types should only be used in code within a '#nullable' annotations context.
Assets/_Project/Unity/MatchView.cs(835,64): warning CS8632: The annotation for nullable reference types should only be used in code within a '#nullable' annotations context.
Assets/_Project/Unity/MatchView.cs(851,60): warning CS8632: The annotation for nullable reference types should only be used in code within a '#nullable' annotations context.
Assets/_Project/Unity/MatchView.cs(872,61): warning CS8632: The annotation for nullable reference types should only be used in code within a '#nullable' annotations context.
Assets/_Project/Unity/MatchView.cs(917,61): warning CS8632: The annotation for nullable reference types should only be used in code within a '#nullable' annotations context.
Assets/_Project/Unity/MatchView.cs(922,62): warning CS8632: The annotation for nullable reference types should only be used in code within a '#nullable' annotations context.
Assets/_Project/Unity/Hud.cs(919,22): warning CS8632: The annotation for nullable reference types should only be used in code within a '#nullable' annotations context.
Assets/_Project/Unity/MatchView.cs(1165,63): warning CS8632: The annotation for nullable reference types should only be used in code within a '#nullable' annotations context.
Assets/_Project/Unity/MatchView.cs(1181,66): warning CS8632: The annotation for nullable reference types should only be used in code within a '#nullable' annotations context.
Assets/_Project/Unity/MatchView.cs(1252,73): warning CS8632: The annotation for nullable reference types should only be used in code within a '#nullable' annotations context.
Assets/_Project/Unity/MatchView.cs(1317,64): warning CS8632: The annotation for nullable reference types should only be used in code within a '#nullable' annotations context.
Assets/_Project/Unity/MatchView.cs(1329,67): warning CS8632: The annotation for nullable reference types should only be used in code within a '#nullable' annotations context.
Assets/_Project/Unity/MatchView.cs(1337,73): warning CS8632: The annotation for nullable reference types should only be used in code within a '#nullable' annotations context.
Assets/_Project/Unity/MatchView.cs(1359,63): warning CS8632: The annotation for nullable reference types should only be used in code within a '#nullable' annotations context.
Assets/_Project/Unity/MatchView.cs(1360,61): warning CS8632: The annotation for nullable reference types should only be used in code within a '#nullable' annotations context.
Assets/_Project/Unity/MatchView.cs(1378,64): warning CS8632: The annotation for nullable reference types should only be used in code within a '#nullable' annotations context.
Assets/_Project/Unity/MatchView.cs(1387,69): warning CS8632: The annotation for nullable reference types should only be used in code within a '#nullable' annotations context.
Assets/_Project/Unity/MatchView.cs(1436,68): warning CS8632: The annotation for nullable reference types should only be used in code within a '#nullable' annotations context.
Assets/_Project/Unity/MatchView.cs(1493,66): warning CS8632: The annotation for nullable reference types should only be used in code within a '#nullable' annotations context.
Assets/_Project/Unity/MatchView.cs(1523,20): warning CS8632: The annotation for nullable reference types should only be used in code within a '#nullable' annotations context.
Assets/_Project/Unity/MatchView.cs(1558,26): warning CS8632: The annotation for nullable reference types should only be used in code within a '#nullable' annotations context.
Assets/_Project/Unity/MatchView.cs(1585,20): warning CS8632: The annotation for nullable reference types should only be used in code within a '#nullable' annotations context.
Assets/_Project/Unity/MatchView.cs(1750,60): warning CS8632: The annotation for nullable reference types should only be used in code within a '#nullable' annotations context.
[660/667    0s] ILPostProcess Library/Bee/artifacts/900b0aE.dag/post-processed/LaMuralla.Unity.dll (+pdb)
Processing assembly Library/Bee/artifacts/900b0aE.dag/LaMuralla.Unity.dll, with 144 defines and 280 references
processors: Unity.Jobs.CodeGen.JobsILPostProcessor, zzzUnity.Burst.CodeGen.BurstILPostProcessor
running Unity.Jobs.CodeGen.JobsILPostProcessor
running zzzUnity.Burst.CodeGen.BurstILPostProcessor
[661/667    0s] CopyFiles Library/ScriptAssemblies/LaMuralla.Unity.pdb
[662/667    0s] CopyFiles Library/ScriptAssemblies/LaMuralla.Unity.dll
[663/667    0s] Csc Library/Bee/artifacts/900b0aE.dag/LaMuralla.Editor.dll (+2 others)
Assets/_Project/Editor/PlayModeGuard.cs(33,17): warning CS0618: 'Object.FindFirstObjectByType<T>()' is obsolete: 'FindFirstObjectByType has been deprecated because it relies on instance ID ordering. Use FindAnyObjectByType instead, which does not depend on ordering.'
Assets/_Project/Editor/ConfigBaker.cs(57,23): warning CS8632: The annotation for nullable reference types should only be used in code within a '#nullable' annotations context.
[664/667    0s] ILPostProcess Library/Bee/artifacts/900b0aE.dag/post-processed/LaMuralla.Editor.dll (+pdb)
Processing assembly Library/Bee/artifacts/900b0aE.dag/LaMuralla.Editor.dll, with 142 defines and 312 references
processors: Unity.Jobs.CodeGen.JobsILPostProcessor, zzzUnity.Burst.CodeGen.BurstILPostProcessor
running Unity.Jobs.CodeGen.JobsILPostProcessor
running zzzUnity.Burst.CodeGen.BurstILPostProcessor
[665/667    0s] CopyFiles Library/ScriptAssemblies/LaMuralla.Editor.pdb
[666/667    0s] CopyFiles Library/ScriptAssemblies/LaMuralla.Editor.dll
*** Tundra build success (2.25 seconds), 9 items updated, 667 evaluated
Assets/_Project/Unity/AdMobRewardedAds.cs(38,28): warning CS8632: The annotation for nullable reference types should only be used in code within a '#nullable' annotations context.
Assets/_Project/Unity/AudioService.cs(25,37): warning CS8632: The annotation for nullable reference types should only be used in code within a '#nullable' annotations context.
Assets/_Project/Unity/AdMobRewardedAds.cs(19,39): warning CS8632: The annotation for nullable reference types should only be used in code within a '#nullable' annotations context.
Assets/_Project/Unity/MapSelect.cs(154,100): warning CS8632: The annotation for nullable reference types should only be used in code within a '#nullable' annotations context.
Assets/_Project/Unity/MapProgress.cs(67,29): warning CS8632: The annotation for nullable reference types should only be used in code within a '#nullable' annotations context.
Assets/_Project/Unity/MapSelect.cs(18,29): warning CS8632: The annotation for nullable reference types should only be used in code within a '#nullable' annotations context.
Assets/_Project/Unity/Draw.cs(88,61): warning CS8632: The annotation for nullable reference types should only be used in code within a '#nullable' annotations context.
Assets/_Project/Unity/Draw.cs(101,74): warning CS8632: The annotation for nullable reference types should only be used in code within a '#nullable' annotations context.
Assets/_Project/Unity/Draw.cs(15,42): warning CS8632: The annotation for nullable reference types should only be used in code within a '#nullable' annotations context.
Assets/_Project/Unity/AudioService.cs(93,26): warning CS8632: The annotation for nullable reference types should only be used in code within a '#nullable' annotations context.
Assets/_Project/Unity/Hud.cs(490,26): warning CS8632: The annotation for nullable reference types should only be used in code within a '#nullable' annotations context.
Assets/_Project/Unity/MatchView.cs(704,60): warning CS8632: The annotation for nullable reference types should only be used in code within a '#nullable' annotations context.
Assets/_Project/Unity/Hud.cs(532,38): warning CS8632: The annotation for nullable reference types should only be used in code within a '#nullable' annotations context.
Assets/_Project/Unity/Hud.cs(624,36): warning CS8632: The annotation for nullable reference types should only be used in code within a '#nullable' annotations context.
Assets/_Project/Unity/MatchView.cs(1250,42): warning CS8632: The annotation for nullable reference types should only be used in code within a '#nullable' annotations context.
Assets/_Project/Unity/MatchView.cs(1455,54): warning CS8632: The annotation for nullable reference types should only be used in code within a '#nullable' annotations context.
Assets/_Project/Unity/MatchView.cs(1529,24): warning CS8632: The annotation for nullable reference types should only be used in code within a '#nullable' annotations context.
Assets/_Project/Unity/MatchView.cs(1531,36): warning CS8632: The annotation for nullable reference types should only be used in code within a '#nullable' annotations context.
Assets/_Project/Unity/MatchView.cs(1553,45): warning CS8632: The annotation for nullable reference types should only be used in code within a '#nullable' annotations context.
Assets/_Project/Unity/MatchView.cs(1571,24): warning CS8632: The annotation for nullable reference types should only be used in code within a '#nullable' annotations context.
Assets/_Project/Unity/MatchView.cs(1582,24): warning CS8632: The annotation for nullable reference types should only be used in code within a '#nullable' annotations context.
Assets/_Project/Unity/Hud.cs(26,23): warning CS8632: The annotation for nullable reference types should only be used in code within a '#nullable' annotations context.
Assets/_Project/Unity/Draw.cs(16,42): warning CS8632: The annotation for nullable reference types should only be used in code within a '#nullable' annotations context.
Assets/_Project/Unity/Draw.cs(17,30): warning CS8632: The annotation for nullable reference types should only be used in code within a '#nullable' annotations context.
Assets/_Project/Unity/Draw.cs(50,32): warning CS8632: The annotation for nullable reference types should only be used in code within a '#nullable' annotations context.
Assets/_Project/Unity/Hud.cs(30,25): warning CS8632: The annotation for nullable reference types should only be used in code within a '#nullable' annotations context.
Assets/_Project/Unity/Hud.cs(54,32): warning CS8632: The annotation for nullable reference types should only be used in code within a '#nullable' annotations context.
Assets/_Project/Unity/Hud.cs(55,32): warning CS8632: The annotation for nullable reference types should only be used in code within a '#nullable' annotations context.
Assets/_Project/Unity/Hud.cs(56,32): warning CS8632: The annotation for nullable reference types should only be used in code within a '#nullable' annotations context.
Assets/_Project/Unity/Hud.cs(57,32): warning CS8632: The annotation for nullable reference types should only be used in code within a '#nullable' annotations context.
Assets/_Project/Unity/Hud.cs(106,28): warning CS8632: The annotation for nullable reference types should only be used in code within a '#nullable' annotations context.
Assets/_Project/Unity/Hud.cs(488,54): warning CS8632: The annotation for nullable reference types should only be used in code within a '#nullable' annotations context.
Assets/_Project/Unity/MatchView.cs(28,33): warning CS8632: The annotation for nullable reference types should only be used in code within a '#nullable' annotations context.
Assets/_Project/Unity/MatchView.cs(29,38): warning CS8632: The annotation for nullable reference types should only be used in code within a '#nullable' annotations context.
Assets/_Project/Unity/Hud.cs(848,32): warning CS8632: The annotation for nullable reference types should only be used in code within a '#nullable' annotations context.
Assets/_Project/Unity/Hud.cs(391,37): warning CS8632: The annotation for nullable reference types should only be used in code within a '#nullable' annotations context.
Assets/_Project/Unity/BakedConfig.cs(48,22): warning CS8632: The annotation for nullable reference types should only be used in code within a '#nullable' annotations context.
Assets/_Project/Unity/AudioService.cs(33,54): warning CS8632: The annotation for nullable reference types should only be used in code within a '#nullable' annotations context.
Assets/_Project/Unity/Icons.cs(33,61): warning CS8632: The annotation for nullable reference types should only be used in code within a '#nullable' annotations context.
Assets/_Project/Unity/MapSelect.cs(25,26): warning CS8632: The annotation for nullable reference types should only be used in code within a '#nullable' annotations context.
Assets/_Project/Unity/MapSelect.cs(26,26): warning CS8632: The annotation for nullable reference types should only be used in code within a '#nullable' annotations context.
Assets/_Project/Unity/MapSelect.cs(27,21): warning CS8632: The annotation for nullable reference types should only be used in code within a '#nullable' annotations context.
Assets/_Project/Unity/AdMobRewardedAds.cs(22,27): warning CS8632: The annotation for nullable reference types should only be used in code within a '#nullable' annotations context.
Assets/_Project/Unity/MapSelect.cs(28,21): warning CS8632: The annotation for nullable reference types should only be used in code within a '#nullable' annotations context.
Assets/_Project/Unity/MapSelect.cs(30,25): warning CS8632: The annotation for nullable reference types should only be used in code within a '#nullable' annotations context.
Assets/_Project/Unity/MapSelect.cs(31,25): warning CS8632: The annotation for nullable reference types should only be used in code within a '#nullable' annotations context.
Assets/_Project/Unity/MapSelect.cs(32,25): warning CS8632: The annotation for nullable reference types should only be used in code within a '#nullable' annotations context.
Assets/_Project/Unity/MapSelect.cs(33,25): warning CS8632: The annotation for nullable reference types should only be used in code within a '#nullable' annotations context.
Assets/_Project/Unity/MapSelect.cs(34,25): warning CS8632: The annotation for nullable reference types should only be used in code within a '#nullable' annotations context.
Assets/_Project/Unity/AdMobRewardedAds.cs(23,26): warning CS8632: The annotation for nullable reference types should only be used in code within a '#nullable' annotations context.
Assets/_Project/Unity/MapSelect.cs(35,25): warning CS8632: The annotation for nullable reference types should only be used in code within a '#nullable' annotations context.
Assets/_Project/Unity/MapSelect.cs(36,25): warning CS8632: The annotation for nullable reference types should only be used in code within a '#nullable' annotations context.
Assets/_Project/Unity/AdMobRewardedAds.cs(24,23): warning CS8632: The annotation for nullable reference types should only be used in code within a '#nullable' annotations context.
Assets/_Project/Unity/MapSelect.cs(37,25): warning CS8632: The annotation for nullable reference types should only be used in code within a '#nullable' annotations context.
Assets/_Project/Unity/MatchView.cs(79,30): warning CS8632: The annotation for nullable reference types should only be used in code within a '#nullable' annotations context.
Assets/_Project/Unity/MatchView.cs(80,30): warning CS8632: The annotation for nullable reference types should only be used in code within a '#nullable' annotations context.
Assets/_Project/Unity/AdMobRewardedAds.cs(25,23): warning CS8632: The annotation for nullable reference types should only be used in code within a '#nullable' annotations context.
Assets/_Project/Unity/MatchView.cs(81,30): warning CS8632: The annotation for nullable reference types should only be used in code within a '#nullable' annotations context.
Assets/_Project/Unity/MatchView.cs(82,30): warning CS8632: The annotation for nullable reference types should only be used in code within a '#nullable' annotations context.
Assets/_Project/Unity/MatchView.cs(91,29): warning CS8632: The annotation for nullable reference types should only be used in code within a '#nullable' annotations context.
Assets/_Project/Unity/MatchView.cs(555,32): warning CS8632: The annotation for nullable reference types should only be used in code within a '#nullable' annotations context.
Assets/_Project/Unity/PerfHud.cs(41,25): warning CS8632: The annotation for nullable reference types should only be used in code within a '#nullable' annotations context.
Assets/_Project/Unity/Pitch.cs(201,33): warning CS8632: The annotation for nullable reference types should only be used in code within a '#nullable' annotations context.
Assets/_Project/Unity/Pitch.cs(242,30): warning CS8632: The annotation for nullable reference types should only be used in code within a '#nullable' annotations context.
Assets/_Project/Unity/PerfHud.cs(44,27): warning CS8632: The annotation for nullable reference types should only be used in code within a '#nullable' annotations context.
Assets/_Project/Unity/MatchView.cs(1237,70): warning CS8632: The annotation for nullable reference types should only be used in code within a '#nullable' annotations context.
Assets/_Project/Unity/Icons.cs(39,54): warning CS8632: The annotation for nullable reference types should only be used in code within a '#nullable' annotations context.
Assets/_Project/Unity/AudioService.cs(83,22): warning CS8632: The annotation for nullable reference types should only be used in code within a '#nullable' annotations context.
Assets/_Project/Unity/AudioService.cs(95,54): warning CS8632: The annotation for nullable reference types should only be used in code within a '#nullable' annotations context.
Assets/_Project/Unity/Draw.cs(159,64): warning CS8632: The annotation for nullable reference types should only be used in code within a '#nullable' annotations context.
Assets/_Project/Unity/MatchView.cs(224,19): warning CS8632: The annotation for nullable reference types should only be used in code within a '#nullable' annotations context.
Assets/_Project/Unity/AdMobRewardedAds.cs(179,19): warning CS8632: The annotation for nullable reference types should only be used in code within a '#nullable' annotations context.
Assets/_Project/Unity/MatchView.cs(496,26): warning CS8632: The annotation for nullable reference types should only be used in code within a '#nullable' annotations context.
Assets/_Project/Unity/Hud.cs(492,56): warning CS8632: The annotation for nullable reference types should only be used in code within a '#nullable' annotations context.
Assets/_Project/Unity/Hud.cs(717,19): warning CS8632: The annotation for nullable reference types should only be used in code within a '#nullable' annotations context.
Assets/_Project/Unity/Hud.cs(731,26): warning CS8632: The annotation for nullable reference types should only be used in code within a '#nullable' annotations context.
Assets/_Project/Unity/Hud.cs(784,26): warning CS8632: The annotation for nullable reference types should only be used in code within a '#nullable' annotations context.
Assets/_Project/Unity/Hud.cs(810,23): warning CS8632: The annotation for nullable reference types should only be used in code within a '#nullable' annotations context.
Assets/_Project/Unity/Hud.cs(891,23): warning CS8632: The annotation for nullable reference types should only be used in code within a '#nullable' annotations context.
Assets/_Project/Unity/Hud.cs(892,87): warning CS8632: The annotation for nullable reference types should only be used in code within a '#nullable' annotations context.
Assets/_Project/Unity/Hud.cs(894,81): warning CS8632: The annotation for nullable reference types should only be used in code within a '#nullable' annotations context.
Assets/_Project/Unity/MatchView.cs(835,64): warning CS8632: The annotation for nullable reference types should only be used in code within a '#nullable' annotations context.
Assets/_Project/Unity/MatchView.cs(851,60): warning CS8632: The annotation for nullable reference types should only be used in code within a '#nullable' annotations context.
Assets/_Project/Unity/MatchView.cs(872,61): warning CS8632: The annotation for nullable reference types should only be used in code within a '#nullable' annotations context.
Assets/_Project/Unity/MatchView.cs(917,61): warning CS8632: The annotation for nullable reference types should only be used in code within a '#nullable' annotations context.
Assets/_Project/Unity/MatchView.cs(922,62): warning CS8632: The annotation for nullable reference types should only be used in code within a '#nullable' annotations context.
Assets/_Project/Unity/Hud.cs(919,22): warning CS8632: The annotation for nullable reference types should only be used in code within a '#nullable' annotations context.
Assets/_Project/Unity/MatchView.cs(1165,63): warning CS8632: The annotation for nullable reference types should only be used in code within a '#nullable' annotations context.
Assets/_Project/Unity/MatchView.cs(1181,66): warning CS8632: The annotation for nullable reference types should only be used in code within a '#nullable' annotations context.
Assets/_Project/Unity/MatchView.cs(1252,73): warning CS8632: The annotation for nullable reference types should only be used in code within a '#nullable' annotations context.
Assets/_Project/Unity/MatchView.cs(1317,64): warning CS8632: The annotation for nullable reference types should only be used in code within a '#nullable' annotations context.
Assets/_Project/Unity/MatchView.cs(1329,67): warning CS8632: The annotation for nullable reference types should only be used in code within a '#nullable' annotations context.
Assets/_Project/Unity/MatchView.cs(1337,73): warning CS8632: The annotation for nullable reference types should only be used in code within a '#nullable' annotations context.
Assets/_Project/Unity/MatchView.cs(1359,63): warning CS8632: The annotation for nullable reference types should only be used in code within a '#nullable' annotations context.
Assets/_Project/Unity/MatchView.cs(1360,61): warning CS8632: The annotation for nullable reference types should only be used in code within a '#nullable' annotations context.
Assets/_Project/Unity/MatchView.cs(1378,64): warning CS8632: The annotation for nullable reference types should only be used in code within a '#nullable' annotations context.
Assets/_Project/Unity/MatchView.cs(1387,69): warning CS8632: The annotation for nullable reference types should only be used in code within a '#nullable' annotations context.
Assets/_Project/Unity/MatchView.cs(1436,68): warning CS8632: The annotation for nullable reference types should only be used in code within a '#nullable' annotations context.
Assets/_Project/Unity/MatchView.cs(1493,66): warning CS8632: The annotation for nullable reference types should only be used in code within a '#nullable' annotations context.
Assets/_Project/Unity/MatchView.cs(1523,20): warning CS8632: The annotation for nullable reference types should only be used in code within a '#nullable' annotations context.
Assets/_Project/Unity/MatchView.cs(1558,26): warning CS8632: The annotation for nullable reference types should only be used in code within a '#nullable' annotations context.
Assets/_Project/Unity/MatchView.cs(1585,20): warning CS8632: The annotation for nullable reference types should only be used in code within a '#nullable' annotations context.
Assets/_Project/Unity/MatchView.cs(1750,60): warning CS8632: The annotation for nullable reference types should only be used in code within a '#nullable' annotations context.
Assets/_Project/Editor/PlayModeGuard.cs(33,17): warning CS0618: 'Object.FindFirstObjectByType<T>()' is obsolete: 'FindFirstObjectByType has been deprecated because it relies on instance ID ordering. Use FindAnyObjectByType instead, which does not depend on ordering.'
Assets/_Project/Editor/ConfigBaker.cs(57,23): warning CS8632: The annotation for nullable reference types should only be used in code within a '#nullable' annotations context.
AssetDatabase: script compilation time: 2.741975s
Begin MonoManager ReloadAssembly
Total cache size 268366092
Total cache size after purge 268366092, took 00:00:00.0725726
Importing 'GUID: 8391d6b085324f90ad47c8e331f9a7c3 - Path: Assets/GoogleMobileAds' with importer (DefaultImporter)
Imported 'GUID: 8391d6b085324f90ad47c8e331f9a7c3' -> (Import Result ID: '9e8fb778ad5be5d135fe1460cc0f48d2') in 0.016 seconds [static dependencies only]. Details - ImportResultOutputID=8cc7b6a4bf965cda43f9b4c3e6cd5883 DependenciesID=1ea97e4241d80587d3fc8533d2d7b06d StaticDependenciesID=d35879052590f604942b52c95692e655 
Importing 'GUID: 5662038e62634d9f9d56fd4482c3e3e6 - Path: Assets/GoogleMobileAds/Resources' with importer (DefaultImporter)
Imported 'GUID: 5662038e62634d9f9d56fd4482c3e3e6' -> (Import Result ID: 'd2b996763f3785be8620593d46186959') in 0.003 seconds [static dependencies only]. Details - ImportResultOutputID=0a5ee72f56439f4de563a7e1389d4ef8 DependenciesID=7e21da394eaf1d9e834bdcece984708a StaticDependenciesID=45a53e2c3a796fa803fe586d3421f4ec 
Native extension for iOS target not found
Native extension for OSXStandalone target not found
ScheduleIndexationOnStartup MainProcess:True IndexOnStartup:True
Mono: successfully reloaded assembly
- Finished resetting the current domain, in  1.730 seconds
Domain Reload Profiling: 2149ms
	BeginReloadAssembly (121ms)
		DisableScriptedObjects (13ms)
		CreateAndSetChildDomain (41ms)
	RebuildCommonClasses (5ms)
	RebuildNativeTypeToScriptingClass (9ms)
	initialDomainReloadingComplete (24ms)
	LoadAllAssembliesAndSetupDomain (258ms)
		LoadAssemblies (170ms)
		AnalyzeDomain (80ms)
			TypeCache.Refresh (59ms)
				TypeCache.ScanAssembly (53ms)
			BuildScriptInfoCaches (16ms)
			ResolveRequiredComponents (3ms)
	FinalizeReload (1730ms)
		SetupLoadedEditorAssemblies (0ms)
			InitializePlatformSupportModulesInManaged (8ms)
			BeforeProcessingInitializeOnLoad (45ms)
			ProcessInitializeOnLoadAttributes (1254ms)
			ProcessInitializeOnLoadMethodAttributes (276ms)
		AwakeInstancesAfterBackupRestoration (16ms)
Importing 'GUID: a7dcfd95c0934a04b124ea50137e4cf3 - Path: Assets/_Project/Resources/RewardedAdsSettings.asset' with importer (NativeFormatImporter)
Imported 'GUID: a7dcfd95c0934a04b124ea50137e4cf3' -> (Import Result ID: '4320e3659fc15c3a2d3f37ee0369d878') in 0.001 seconds [static dependencies only]. Details - ImportResultOutputID=5d0e2cb65014a9742642c823727fa4ac DependenciesID=2e24d6210d36c70357eb55544b4e0c4b StaticDependenciesID=20ed5a2553eef6065cac8d7860b84c2c 
Importing 'GUID: 79e2a65e4a044b58aff798fd58c4ec20 - Path: Assets/GoogleMobileAds/Resources/GoogleMobileAdsSettings.asset' with importer (NativeFormatImporter)
Imported 'GUID: 79e2a65e4a044b58aff798fd58c4ec20' -> (Import Result ID: '8215150877e8ab2e67a3d2c168b7dcef') in 0.001 seconds [static dependencies only]. Details - ImportResultOutputID=2f33ba7c293d96e55455b809dd28c260 DependenciesID=b39aa6430b0d54c4d02ce03003d81983 StaticDependenciesID=abcb55b43bb739c906f59d6008e9ec75 
Starting new worker id: 0 with log in /Users/tuantu/Desktop/dev/AI/mobile/game_df/LaMuralla/Logs/AssetImportWorkerHW0.log

Asset Pipeline Refresh (id=9cf1ecfa798714d2293079500a004f6e): Total: 5.486 seconds - Initiated by InitialRefreshV2(ForceSynchronousImport)
	(Values over 0.05ms)
	Summary:
		Imports: total=4 (actual=4, local cache=0, cache server=0)
		Asset DB Process Time: managed=1 ms, native=2152 ms
		Asset DB Callback time: managed=126 ms, native=11 ms
		Scripting: domain reloads=1, domain reload time=434 ms, compile time=2743 ms, other=17 ms
		Project Asset Count: scripts=889, non-scripts=1766
		Asset File Changes: new=0, changed=1, moved=0, deleted=0
		Scan Filter Count: 1
	InvokePackagesCallback: 7.933ms
	ApplyChangesToAssetFolders: 0.131ms
	Scan: 221.526ms
	Collect global state as custom dependencies: 1.788ms
	OnSourceAssetsModified: 0.456ms
	CategorizeScriptCompilationAssets: 14.684ms
	ProcessAssetsWithTransientArtifactChanges: 26.580ms
	CategorizeAssets: 47.708ms
	CompileScripts: 2742.625ms
	ImportOutOfDateAssets: 1784.494ms (1738.578ms without children)
		ImportManagerImport: 24.394ms (1.919ms without children)
		UnloadImportedAssets: 0.541ms
		EnsureUptoDateAssetsAreRegisteredWithGuidPM: 0.265ms
		ImportSchedulerStart: 20.686ms
	PostProcessAllAssets: 127.458ms
		VCAutoAddAssetPostprocess 1.917ms
		XRBuildSystem.XRAssetImported 0.051ms
		MonoPostProcessAllAssets: 125.212ms
			AssetPostprocessor.OnPostprocessAllAssets 77.154ms
			StyleCatalogPostProcessor.OnPostprocessAllAssets 10.331ms
			UniversalRenderPipelineGlobalSettingsPostprocessor.OnPostprocessAllAssets 9.446ms
			SyncVS.PostprocessSyncProject 5.546ms
			BuilderAssetPostprocessor.OnPostprocessAllAssets 3.958ms
			SpriteSlicePostprocessor.OnPostprocessAllAssets 1.264ms
			WindowAssetPostprocessingWatcher.OnPostprocessAllAssets 1.019ms
			RetainedModeAssetPostprocessor.OnPostprocessAllAssets 1.012ms
			PackageManagerResolver.OnPostprocessAllAssets 0.983ms
			SpeedTree9Postprocessor.OnPostprocessAllAssets 0.928ms
			ShaderGraphAssetPostProcessor.OnPostprocessAllAssets 0.913ms
			AssetChangedListener.OnPostprocessAllAssets 0.846ms
			VersionHandlerImpl.OnPostprocessAllAssets 0.836ms
			IOSResolver.OnPostprocessAllAssets 0.544ms
			EditModeScopePostprocessor.OnPostprocessAllAssets 0.477ms
			TextAssetPostProcessor.OnPostprocessAllAssets 0.411ms
			MaterialPostprocessor.OnPostprocessAllAssets 0.389ms
			RenderPipelineGlobalSettingsPostprocessor.OnPostprocessAllAssets 0.386ms
			SpriteEditorTexturePostprocessor.OnPostprocessAllAssets 0.328ms
			ArtifactBrowserPostProcessor.OnPostprocessAllAssets 0.274ms
			PlayServicesResolver.OnPostprocessAllAssets 0.223ms
			SampleDependencyImporterPostProcessor.OnPostprocessAllAssets 0.198ms
			InputActionAssetPostprocessor.OnPostprocessAllAssets 0.194ms
			TMPro_TexturePostProcessor.OnPostprocessAllAssets 0.191ms
			ReferencedClipsPostProcessor.OnPostprocessAllAssets 0.180ms
			AssetEvents.OnPostprocessAllAssets 0.152ms
			ShaderReflectionAssetPostProcessor.OnPostprocessAllAssets 0.149ms
			AudioMixerPostprocessor.OnPostprocessAllAssets 0.144ms
			InputActionJsonNameModifierAssetProcessor.OnPostprocessAllAssets 0.137ms
			PostProcessor.OnPostprocessAllAssets 0.136ms
			ProjectSettingsPostprocessor.OnPostprocessAllAssets 0.114ms
			TerrainToolbarOverlayPostProcessor.OnPostprocessAllAssets 0.095ms
			SpeedTreePostProcessor.OnPostprocessAllAssets 0.071ms
			AssetDatabaseCallbacks.OnPostprocessAllAssets 0.067ms
			ConfigAssetsTracker.OnPostprocessAllAssets 0.055ms
			ScenarioDriftAssetsTracker.OnPostprocessAllAssets 0.052ms
	PostAssetChangesProfiler: 2.333ms
	UnloadStreamsBegin: 1.671ms
	PersistCurrentRevisions: 0.116ms
	GenerateScriptTypeHashes: 1.070ms
	GenerateScriptTypeSerializationHashes: 2.131ms
	Untracked: 505.196ms

Application.AssetDatabase Initial Refresh End
Shader Hidden/ChartRasterizerHardware is not supported: GPU does not support conservative rasterization
Launching external process: /Applications/Unity/Hub/Editor/6000.5.4f1/Unity.app/Contents/Helpers/UnityShaderCompiler
Launched and connected shader compiler UnityShaderCompiler after 0.07 seconds
Shader Hidden/ChartRasterizerHardware is not supported: GPU does not support conservative rasterization
Scanning for USB devices : 0.185ms
Initializing Unity extensions:
[MODES] ModeService[none].Initialize
[MODES] ModeService[none].LoadModes
[MODES] Loading mode Default (0) for mode-current-id-Football Tower Defense
2026-08-26 10:29:16.325 Unity[52064:459086] NSEventModifierFlagFunction specified to -setKeyEquivalentModifierMask: for item <NSMenuItem: 0x35538b0f0 SDF, ke='Command-F12'>, but is only supported for system-provided menu items; will not be used
Curl error 7: Failed to connect to config.uca.cloud.unity3d.com port 443 after 2 ms: Error
Unloading 29 Unused Serialized files (Serialized files now loaded: 0)
Unloading 3769 unused Assets / (3.7 MB). Loaded Objects now: 4680.
Memory consumption went from 229.2 MB to 225.5 MB.
Total: 5.985250 ms (FindLiveObjects: 0.274041 ms CreateObjectMapping: 0.563584 ms MarkObjects: 4.234041 ms  DeleteObjects: 0.913291 ms)

2026-08-26 10:29:16.366 Unity[52064:459086] NSEventModifierFlagFunction specified to -setKeyEquivalentModifierMask: for item <NSMenuItem: 0x3553d90e0 SDF, ke='Command-F12'>, but is only supported for system-provided menu items; will not be used
Thread 0x35de6f000 may have been prematurely finalized
Batchmode quit successfully invoked - shutting down!
Curl error 7: Failed to connect to cdp.cloud.unity3d.com port 443 after 1 ms: Error
info: Microsoft.Hosting.Lifetime[0]
      Application is shutting down...
info: Unity.ILPP.Runner.PostProcessingAssemblyLoadContext[0]
      ALC ILPP context 1 is unloading
