Unity Editor version:    6000.5.4f1 (d550df8bd089)
Branch:                  6000.5/staging
Build type:              Release
Batch mode:              YES
macOS version:           Version 15.2 (Build 24C101)
Darwin version:          24.2.0
Architecture:            arm64
Running under Rosetta:   NO
Available memory:        16384 MB
Date:                    2026-08-24T02:39:33Z
[Licensing::Module] Trying to connect to existing licensing client channel...
[Licensing::IpcConnector] Channel LicenseClient-tuantu doesn't exist
Launching external process: /Applications/Unity/Hub/Editor/6000.5.4f1/Unity.app/Contents/Helpers/UnityLicensingClient.app/Contents/MacOS/Unity.Licensing.Client
[Licensing::Module] Successfully launched the LicensingClient (PId: 8747)
Launching external process: /Applications/Unity/Hub/Editor/6000.5.4f1/Unity.app/Contents/Helpers/PackageManager/Server/UnityPackageManager

COMMAND LINE ARGUMENTS:
/Applications/Unity/Hub/Editor/6000.5.4f1/Unity.app/Contents/MacOS/Unity
-projectPath
/Users/tuantu/Desktop/dev/AI/mobile/game_df/LaMuralla
-batchmode
-quit
-executeMethod
LaMuralla.EditorTools.ConfigBaker.Bake
-logFile
/Users/tuantu/Desktop/dev/AI/mobile/game_df/config-bake-unity.log
Successfully changed project path to: /Users/tuantu/Desktop/dev/AI/mobile/game_df/LaMuralla
/Users/tuantu/Desktop/dev/AI/mobile/game_df/LaMuralla
[UnityMemory] Configuration Parameters - Can be set up in boot.config
    "memorysetup-temp-allocator-size-gi-baking-worker=262144"
    "memorysetup-temp-allocator-size-gi-baking-worker=262144"
    "memorysetup-temp-allocator-size-gi-baking-worker=262144"
    "memorysetup-temp-allocator-size-gi-baking-worker=262144"
    "memorysetup-temp-allocator-size-gi-baking-worker=262144"
    "memorysetup-temp-allocator-size-nav-mesh-worker=65536"
    "memorysetup-temp-allocator-size-audio-worker=65536"
    "memorysetup-temp-allocator-size-cloud-worker=32768"
    "memorysetup-allocator-temp-initial-block-size-main=262144"
    "memorysetup-allocator-temp-initial-block-size-worker=262144"
    "memorysetup-temp-allocator-size-preload-manager=33554432"
    "memorysetup-temp-allocator-size-gfx=262144"
    "memorysetup-temp-allocator-size-background-worker=32768"
    "memorysetup-temp-allocator-size-job-worker=262144"
    "memorysetup-bucket-allocator-granularity=16"
    "memorysetup-bucket-allocator-bucket-count=8"
    "memorysetup-bucket-allocator-block-size=33554432"
    "memorysetup-bucket-allocator-block-count=8"
    "memorysetup-main-allocator-block-size=16777216"
    "memorysetup-thread-allocator-block-size=16777216"
    "memorysetup-main-allocator-mimalloc-enabled=0"
    "memorysetup-gfx-main-allocator-block-size=16777216"
    "memorysetup-gfx-thread-allocator-block-size=16777216"
    "memorysetup-cache-allocator-block-size=4194304"
    "memorysetup-typetree-allocator-block-size=2097152"
    "memorysetup-profiler-bucket-allocator-granularity=16"
    "memorysetup-profiler-bucket-allocator-bucket-count=8"
    "memorysetup-profiler-bucket-allocator-block-size=33554432"
    "memorysetup-profiler-bucket-allocator-block-count=8"
    "memorysetup-profiler-allocator-block-size=16777216"
    "memorysetup-profiler-editor-allocator-block-size=1048576"
    "memorysetup-temp-allocator-size-main=16777216"
    "memorysetup-job-temp-allocator-block-size=2097152"
    "memorysetup-job-temp-allocator-block-size-background=1048576"
    "memorysetup-job-temp-allocator-reduction-small-platforms=262144"
Logging is directed to a specific file, skipping project log.Player connection [8362099264]  Target information:

Player connection [8362099264]  * "[IP] 192.168.1.12 [Port] 55504 [Flags] 2 [Guid] 3834785967 [EditorId] 3834785967 [Version] 1048832 [Id] OSXEditor(0,Mac-mini-cua-Le.local) [Debug] 1 [PackageName] OSXEditor [ProjectName] Editor" 

Player connection [8362099264]  * "[IP] 169.254.78.200 [Port] 55504 [Flags] 2 [Guid] 3834785967 [EditorId] 3834785967 [Version] 1048832 [Id] OSXEditor(0,Mac-mini-cua-Le.local) [Debug] 1 [PackageName] OSXEditor [ProjectName] Editor" 

Player connection [8362099264] Host joined multi-casting on [225.0.0.222:54997]...
Player connection [8362099264] Host joined alternative multi-casting on [225.0.0.222:34997]...
Input System module state changed to: Initialized.
[Physics::Module] Initialized fallback backend.
[Physics::Module] Id: 0xdecafbad
[Licensing::IpcConnector] Successfully connected to: "LicenseClient-tuantu" at "2026-08-24T02:39:34.207967Z"
[Package Manager] Connected to IPC stream "Upm-8730" after 0.3 seconds.
[Licensing::Module] Licensing is not yet initialized.
[Licensing::Client] Handshaking with LicensingClient:
  Version:                 1.18.1+9fbee8e
  Session Id:              7c0868b61fd44b8bae89183f52dc1393
  Correlation Id:          59a3715ce0bcda7bcad8056d7c86ad71
  External correlation Id: 6816347507521124658
  Machine Id:              tZ6ndV0Sv7z2pvARXWdt0M81v+k=
[Licensing::Module] Successfully connected to LicensingClient on channel: "LicenseClient-tuantu" (connect: 0.38s, validation: 0.03s, handshake: 0.17s)
[Licensing::IpcConnector] Successfully connected to: "LicenseClient-tuantu-notifications" at "2026-08-24T02:39:34.399482Z"
[Licensing::Module] Connected to LicensingClient (PId: 8747, launch time: 0.00, total connection time: 0.57s)
[Licensing::Module] Error: Access token is unavailable; failed to update
[Licensing::Client] Successfully resolved entitlement details
[Licensing::Module] License group:
  Id: 18968467365468-UnityPersXXXX
  Product: Unity Personal
  Type: Assigned
  Expiration: Unlimited
[Licensing::Client] Successfully updated license, isAsync: True, time: 0.00
[Licensing::Client] Successfully resolved entitlement details
[Licensing::Module] Licensing Background thread has ended after 0.58s
[Licensing::Module] Licensing is initialized (took 0.14s).
[Licensing::Client] Successfully resolved entitlement details
Library Redirect Path: Library/
[Physics::Module] Selected backend.
[Physics::Module] Name: PhysX
[Physics::Module] Id: 0xf2b8ea05
[Physics::Module] SDK Version: 4.1.2
[Physics::Module] Integration Version: 1.0.0
[Physics::Module] Threading Mode: Multi-Threaded
[Licensing::Client] Successfully resolved entitlement details
Initialize engine version: 6000.5.4f1 (d550df8bd089)
[Subsystems] Discovering subsystems at path /Applications/Unity/Hub/Editor/6000.5.4f1/Unity.app/Contents/Resources/UnitySubsystems
[Subsystems] Discovering subsystems at path /Users/tuantu/Desktop/dev/AI/mobile/game_df/LaMuralla/Assets
GfxDevice: creating device client; kGfxThreadingModeNonThreaded
 preferred device: Apple M4 (high power)
Metal devices available: 1
0: Apple M4 (high power)
Using device Apple M4 (high power)
Initializing Metal device caps: Apple M4
Mac GPU Family: 2
Apple GPU Family: 9
MSL Version: 3.0
Has Float MSAA: 1
Has Float Filtering: 1
ReadWrite Texture Tier: 2
Initialize mono
Mono path[0] = '/Applications/Unity/Hub/Editor/6000.5.4f1/Unity.app/Contents/Resources/Scripting/Managed'
Mono path[1] = '/Applications/Unity/Hub/Editor/6000.5.4f1/Unity.app/Contents/Resources/Scripting/BCLExtensions/runtime/netstandard2.1'
Mono path[2] = '/Applications/Unity/Hub/Editor/6000.5.4f1/Unity.app/Contents/Resources/Scripting/MonoBleedingEdge/lib/mono/unityjit-macos'
Mono config path = '/Applications/Unity/Hub/Editor/6000.5.4f1/Unity.app/Contents/Resources/Scripting/MonoBleedingEdge/etc'
Using monoOptions --debugger-agent=transport=dt_socket,embedding=1,server=y,suspend=n,address=127.0.0.1:56730
CodeReloadManager initialized
ImportWorker Server TCP listen port: 0
AcceleratorClientConnectionCallback - disconnected - :0
Begin MonoManager ReloadAssembly
Registering precompiled unity dll's ...
Register platform support module: /Applications/Unity/Hub/Editor/6000.5.4f1/PlaybackEngines/MacStandaloneSupport/UnityEditor.OSXStandalone.Extensions.dll
Register platform support module: /Applications/Unity/Hub/Editor/6000.5.4f1/PlaybackEngines/iOSSupport/UnityEditor.iOS.Extensions.dll
Registered in 0.000906 seconds.
[usbmuxd] Start listen thread
[usbmuxd] Listen thread started
[usbmuxd] Send listen message
[usbmuxd] Attached: 19 00008101-000E446C3CFA001E
Native extension for iOS target not found
Native extension for OSXStandalone target not found
Package Manager log level set to [2]
ScheduleIndexationOnStartup MainProcess:False IndexOnStartup:True
Mono: successfully reloaded assembly
- Finished resetting the current domain, in  0.238 seconds
Domain Reload Profiling: 539ms
	BeginReloadAssembly (79ms)
		CreateAndSetChildDomain (13ms)
	RebuildCommonClasses (3ms)
	RebuildNativeTypeToScriptingClass (13ms)
	initialDomainReloadingComplete (32ms)
	LoadAllAssembliesAndSetupDomain (174ms)
		LoadAssemblies (66ms)
		AnalyzeDomain (132ms)
			TypeCache.Refresh (132ms)
				TypeCache.ScanAssembly (121ms)
	FinalizeReload (238ms)
		SetupLoadedEditorAssemblies (0ms)
			InitializePlatformSupportModulesInManaged (37ms)
			BeforeProcessingInitializeOnLoad (43ms)
			ProcessInitializeOnLoadAttributes (49ms)
			ProcessInitializeOnLoadMethodAttributes (71ms)
[Licensing::Client] Successfully resolved entitlement details
[Licensing::Client] Successfully resolved entitlement details
Application.AssetDatabase Initial Refresh Start
[Package Manager] Restoring resolved packages state from cache
[Licensing::Client] Successfully resolved entitlement details
[Package Manager] Registered 33 packages:
  Packages from [https://packages.unity.com]:
    com.unity.inputsystem@1.19.0 (location: /Users/tuantu/Desktop/dev/AI/mobile/game_df/LaMuralla/Library/PackageCache/com.unity.inputsystem@21a28c3a6c83)
    com.unity.ide.rider@3.0.38 (location: /Users/tuantu/Desktop/dev/AI/mobile/game_df/LaMuralla/Library/PackageCache/com.unity.ide.rider@1f60b3138684)
    com.unity.ide.visualstudio@2.0.26 (location: /Users/tuantu/Desktop/dev/AI/mobile/game_df/LaMuralla/Library/PackageCache/com.unity.ide.visualstudio@a99d56dec63f)
    com.unity.searcher@4.9.4 (location: /Users/tuantu/Desktop/dev/AI/mobile/game_df/LaMuralla/Library/PackageCache/com.unity.searcher@d45a78918735)
    com.unity.burst@1.8.29 (location: /Users/tuantu/Desktop/dev/AI/mobile/game_df/LaMuralla/Library/PackageCache/com.unity.burst@6bb9aca3ef38)
    com.unity.nuget.mono-cecil@1.11.6 (location: /Users/tuantu/Desktop/dev/AI/mobile/game_df/LaMuralla/Library/PackageCache/com.unity.nuget.mono-cecil@ecb9724e46ff)
    com.unity.test-framework.performance@3.5.0 (location: /Users/tuantu/Desktop/dev/AI/mobile/game_df/LaMuralla/Library/PackageCache/com.unity.test-framework.performance@8b56083ec0f0)
  Built-in packages:
    com.unity.2d.sprite@1.0.0 (location: /Users/tuantu/Desktop/dev/AI/mobile/game_df/LaMuralla/Library/PackageCache/com.unity.2d.sprite@053a968eab56)
    com.unity.render-pipelines.universal@17.5.0 (location: /Users/tuantu/Desktop/dev/AI/mobile/game_df/LaMuralla/Library/PackageCache/com.unity.render-pipelines.universal@e38be786c41e)
    com.unity.test-framework@1.7.0 (location: /Users/tuantu/Desktop/dev/AI/mobile/game_df/LaMuralla/Library/PackageCache/com.unity.test-framework@1405238725ab)
    com.unity.ugui@2.5.0 (location: /Users/tuantu/Desktop/dev/AI/mobile/game_df/LaMuralla/Library/PackageCache/com.unity.ugui@f2d87ebaaa32)
    com.unity.modules.animation@1.0.0 (location: /Users/tuantu/Desktop/dev/AI/mobile/game_df/LaMuralla/Library/PackageCache/com.unity.modules.animation)
    com.unity.modules.audio@1.0.0 (location: /Users/tuantu/Desktop/dev/AI/mobile/game_df/LaMuralla/Library/PackageCache/com.unity.modules.audio)
    com.unity.modules.director@1.0.0 (location: /Users/tuantu/Desktop/dev/AI/mobile/game_df/LaMuralla/Library/PackageCache/com.unity.modules.director)
    com.unity.modules.imageconversion@1.0.0 (location: /Users/tuantu/Desktop/dev/AI/mobile/game_df/LaMuralla/Library/PackageCache/com.unity.modules.imageconversion)
    com.unity.modules.imgui@1.0.0 (location: /Users/tuantu/Desktop/dev/AI/mobile/game_df/LaMuralla/Library/PackageCache/com.unity.modules.imgui)
    com.unity.modules.jsonserialize@1.0.0 (location: /Users/tuantu/Desktop/dev/AI/mobile/game_df/LaMuralla/Library/PackageCache/com.unity.modules.jsonserialize)
    com.unity.modules.particlesystem@1.0.0 (location: /Users/tuantu/Desktop/dev/AI/mobile/game_df/LaMuralla/Library/PackageCache/com.unity.modules.particlesystem)
    com.unity.modules.physics2d@1.0.0 (location: /Users/tuantu/Desktop/dev/AI/mobile/game_df/LaMuralla/Library/PackageCache/com.unity.modules.physics2d)
    com.unity.modules.physicscore2d@1.0.0 (location: /Users/tuantu/Desktop/dev/AI/mobile/game_df/LaMuralla/Library/PackageCache/com.unity.modules.physicscore2d)
    com.unity.modules.screencapture@1.0.0 (location: /Users/tuantu/Desktop/dev/AI/mobile/game_df/LaMuralla/Library/PackageCache/com.unity.modules.screencapture)
    com.unity.modules.ui@1.0.0 (location: /Users/tuantu/Desktop/dev/AI/mobile/game_df/LaMuralla/Library/PackageCache/com.unity.modules.ui)
    com.unity.modules.uielements@1.0.0 (location: /Users/tuantu/Desktop/dev/AI/mobile/game_df/LaMuralla/Library/PackageCache/com.unity.modules.uielements)
    com.unity.modules.unitywebrequest@1.0.0 (location: /Users/tuantu/Desktop/dev/AI/mobile/game_df/LaMuralla/Library/PackageCache/com.unity.modules.unitywebrequest)
    com.unity.modules.hierarchycore@1.0.0 (location: /Users/tuantu/Desktop/dev/AI/mobile/game_df/LaMuralla/Library/PackageCache/com.unity.modules.hierarchycore)
    com.unity.modules.physics@1.0.0 (location: /Users/tuantu/Desktop/dev/AI/mobile/game_df/LaMuralla/Library/PackageCache/com.unity.modules.physics)
    com.unity.ext.nunit@2.1.0 (location: /Users/tuantu/Desktop/dev/AI/mobile/game_df/LaMuralla/Library/PackageCache/com.unity.ext.nunit@44f7d31723bd)
    com.unity.render-pipelines.core@17.5.0 (location: /Users/tuantu/Desktop/dev/AI/mobile/game_df/LaMuralla/Library/PackageCache/com.unity.render-pipelines.core@539ef1c759fb)
    com.unity.shadergraph@17.5.0 (location: /Users/tuantu/Desktop/dev/AI/mobile/game_df/LaMuralla/Library/PackageCache/com.unity.shadergraph@636559dc59a3)
    com.unity.render-pipelines.universal-config@17.5.0 (location: /Users/tuantu/Desktop/dev/AI/mobile/game_df/LaMuralla/Library/PackageCache/com.unity.render-pipelines.universal-config@fdda01c80fe3)
    com.unity.collections@6.5.0 (location: /Users/tuantu/Desktop/dev/AI/mobile/game_df/LaMuralla/Library/PackageCache/com.unity.collections@a43cabe808ca)
    com.unity.modules.terrain@1.0.0 (location: /Users/tuantu/Desktop/dev/AI/mobile/game_df/LaMuralla/Library/PackageCache/com.unity.modules.terrain)
    com.unity.mathematics@1.4.0 (location: /Users/tuantu/Desktop/dev/AI/mobile/game_df/LaMuralla/Library/PackageCache/com.unity.mathematics@981956d94fb6)
[Subsystems] No new subsystems found in resolved package list.
[Package Manager] Done registering packages in 0.00 seconds
info: Microsoft.Hosting.Lifetime[14]
      Now listening on: http://unix:/tmp/ilpp.sock-98c753a53bcdc717560c8df2da6dc7cd
info: Microsoft.Hosting.Lifetime[0]
      Application started. Press Ctrl+C to shut down.
info: Microsoft.Hosting.Lifetime[0]
      Hosting environment: Production
info: Microsoft.Hosting.Lifetime[0]
      Content root path: /Users/tuantu/Desktop/dev/AI/mobile/game_df/LaMuralla
info: Microsoft.AspNetCore.Hosting.Diagnostics[1]
      Request starting HTTP/2 POST http://ilpp/UnityILPP.PostProcessing/Ping - application/grpc -
info: Microsoft.AspNetCore.Routing.EndpointMiddleware[0]
      Executing endpoint 'gRPC - /UnityILPP.PostProcessing/Ping'
info: Microsoft.AspNetCore.Routing.EndpointMiddleware[1]
      Executed endpoint 'gRPC - /UnityILPP.PostProcessing/Ping'
info: Microsoft.AspNetCore.Hosting.Diagnostics[2]
      Request finished HTTP/2 POST http://ilpp/UnityILPP.PostProcessing/Ping - 200 - application/grpc 19.0498ms
Starting: /Applications/Unity/Hub/Editor/6000.5.4f1/Unity.app/Contents/Resources/BuildPipeline/bee_backend --ipc --defer-dag-verification --dagfile="Library/Bee/900b0aE.dag" --continue-on-failure --profile="Library/Bee/backend1.traceevents" ScriptAssemblies
WorkingDir: /Users/tuantu/Desktop/dev/AI/mobile/game_df/LaMuralla
DisplayProgressbar: Compiling Scripts
info: Microsoft.AspNetCore.Hosting.Diagnostics[1]
      Request starting HTTP/2 POST http://ilpp/UnityILPP.PostProcessing/ConfigurePostProcessors - application/grpc -
info: Microsoft.AspNetCore.Routing.EndpointMiddleware[0]
      Executing endpoint 'gRPC - /UnityILPP.PostProcessing/ConfigurePostProcessors'
warn: Unity.ILPP.Runner.PostProcessingAssemblyLoadContext[0]
      Assembly unityeditor.ios.extensions.xcode has duplicate hint path. Ignoring "/Applications/Unity/Hub/Editor/6000.5.4f1/PlaybackEngines/iOSSupport/UnityEditor.iOS.Extensions.Xcode.dll" in favor of "/Applications/Unity/Hub/Editor/6000.5.4f1/PlaybackEngines/MacStandaloneSupport/UnityEditor.iOS.Extensions.Xcode.dll"
warn: Unity.ILPP.Runner.PostProcessingAssemblyLoadContext[0]
      Assembly system.runtime.interopservices.windowsruntime has duplicate hint path. Ignoring "/Applications/Unity/Hub/Editor/6000.5.4f1/Unity.app/Contents/Resources/Scripting/UnityReferenceAssemblies/unity-4.8-api/Facades/System.Runtime.InteropServices.WindowsRuntime.dll" in favor of "/Applications/Unity/Hub/Editor/6000.5.4f1/Unity.app/Contents/Resources/Scripting/NetStandard/Extensions/2.0.0/System.Runtime.InteropServices.WindowsRuntime.dll"
warn: Unity.ILPP.Runner.PostProcessingAssemblyLoadContext[0]
      Assembly system.componentmodel.composition has duplicate hint path. Ignoring "/Applications/Unity/Hub/Editor/6000.5.4f1/Unity.app/Contents/Resources/Scripting/UnityReferenceAssemblies/unity-4.8-api/System.ComponentModel.Composition.dll" in favor of "/Applications/Unity/Hub/Editor/6000.5.4f1/Unity.app/Contents/Resources/Scripting/NetStandard/compat/2.1.0/shims/netfx/System.ComponentModel.Composition.dll"
info: Unity.ILPP.Runner.PostProcessingAssemblyLoadContext[0]
      Resolved Unity.Burst.Cecil, Version=0.11.6.0, Culture=neutral, PublicKeyToken=50cebf1cceb9d05e with Library/PackageCache/com.unity.burst@6bb9aca3ef38/Unity.Burst.CodeGen/Unity.Burst.Cecil.dll
info: Unity.ILPP.Runner.PostProcessingAssemblyLoadContext[0]
      Resolved Mono.Cecil, Version=0.11.5.0, Culture=neutral, PublicKeyToken=50cebf1cceb9d05e with Library/PackageCache/com.unity.nuget.mono-cecil@ecb9724e46ff/Mono.Cecil.dll
info: Microsoft.AspNetCore.Routing.EndpointMiddleware[1]
      Executed endpoint 'gRPC - /UnityILPP.PostProcessing/ConfigurePostProcessors'
info: Microsoft.AspNetCore.Hosting.Diagnostics[2]
      Request finished HTTP/2 POST http://ilpp/UnityILPP.PostProcessing/ConfigurePostProcessors - 200 - application/grpc 12.6782ms
ExitCode: 0 Duration: 0s233ms
[519/658    0s] ILPP-Configuration Library/ilpp-configuration.nevergeneratedoutput
*** Tundra build success (0.22 seconds), 1 items updated, 658 evaluated
AssetDatabase: script compilation time: 0.703642s
Begin MonoManager ReloadAssembly
Native extension for iOS target not found
Native extension for OSXStandalone target not found
ScheduleIndexationOnStartup MainProcess:True IndexOnStartup:True
Mono: successfully reloaded assembly
- Finished resetting the current domain, in  1.617 seconds
Domain Reload Profiling: 2082ms
	BeginReloadAssembly (229ms)
		DisableScriptedObjects (11ms)
		CreateAndSetChildDomain (153ms)
	RebuildCommonClasses (5ms)
	RebuildNativeTypeToScriptingClass (9ms)
	initialDomainReloadingComplete (21ms)
	LoadAllAssembliesAndSetupDomain (202ms)
		LoadAssemblies (116ms)
		AnalyzeDomain (74ms)
			TypeCache.Refresh (55ms)
				TypeCache.ScanAssembly (49ms)
			BuildScriptInfoCaches (15ms)
			ResolveRequiredComponents (3ms)
	FinalizeReload (1617ms)
		SetupLoadedEditorAssemblies (0ms)
			InitializePlatformSupportModulesInManaged (6ms)
			BeforeProcessingInitializeOnLoad (42ms)
			ProcessInitializeOnLoadAttributes (1261ms)
			ProcessInitializeOnLoadMethodAttributes (150ms)
		AwakeInstancesAfterBackupRestoration (9ms)
Starting new worker id: 0 with log in /Users/tuantu/Desktop/dev/AI/mobile/game_df/LaMuralla/Logs/AssetImportWorkerHW0.log

Asset Pipeline Refresh (id=2b7677dc2a3aa47d6819824e714bb9fa): Total: 3.186 seconds - Initiated by InitialRefreshV2(ForceSynchronousImport)
	(Values over 0.05ms)
	Summary:
		Imports: total=0 (actual=0, local cache=0, cache server=0)
		Asset DB Process Time: managed=0 ms, native=1964 ms
		Asset DB Callback time: managed=20 ms, native=4 ms
		Scripting: domain reloads=1, domain reload time=476 ms, compile time=704 ms, other=16 ms
		Project Asset Count: scripts=864, non-scripts=1714
		Asset File Changes: new=0, changed=0, moved=0, deleted=0
		Scan Filter Count: 1
	InvokePackagesCallback: 4.862ms
	ApplyChangesToAssetFolders: 0.111ms
	Scan: 172.625ms
	Collect global state as custom dependencies: 1.597ms
	CategorizeScriptCompilationAssets: 12.575ms
	ProcessAssetsWithTransientArtifactChanges: 19.801ms
	CategorizeAssets: 53.138ms
	CompileScripts: 704.275ms
	ImportOutOfDateAssets: 1643.604ms (1622.560ms without children)
		UnloadImportedAssets: 0.478ms
		EnsureUptoDateAssetsAreRegisteredWithGuidPM: 0.213ms
		ImportSchedulerStart: 20.331ms
	PostProcessAllAssets: 20.757ms
		MonoPostProcessAllAssets: 20.730ms
			UniversalRenderPipelineGlobalSettingsPostprocessor.OnPostprocessAllAssets 6.618ms
			SyncVS.PostprocessSyncProject 5.336ms
			WindowAssetPostprocessingWatcher.OnPostprocessAllAssets 1.113ms
			SpeedTree9Postprocessor.OnPostprocessAllAssets 0.846ms
			EditModeScopePostprocessor.OnPostprocessAllAssets 0.542ms
			RenderPipelineGlobalSettingsPostprocessor.OnPostprocessAllAssets 0.335ms
			ShaderReflectionAssetPostProcessor.OnPostprocessAllAssets 0.168ms
			InputActionAssetPostprocessor.OnPostprocessAllAssets 0.159ms
			ReferencedClipsPostProcessor.OnPostprocessAllAssets 0.129ms
			TerrainToolbarOverlayPostProcessor.OnPostprocessAllAssets 0.094ms
			ProjectSettingsPostprocessor.OnPostprocessAllAssets 0.094ms
			AssetDatabaseCallbacks.OnPostprocessAllAssets 0.068ms
	UnloadStreamsBegin: 1.471ms
	PersistCurrentRevisions: 0.053ms
	GenerateScriptTypeHashes: 0.847ms
	GenerateScriptTypeSerializationHashes: 1.599ms
	Untracked: 549.887ms

Application.AssetDatabase Initial Refresh End
Shader Hidden/ChartRasterizerHardware is not supported: GPU does not support conservative rasterization
Launching external process: /Applications/Unity/Hub/Editor/6000.5.4f1/Unity.app/Contents/Helpers/UnityShaderCompiler
Launched and connected shader compiler UnityShaderCompiler after 0.05 seconds
Shader Hidden/ChartRasterizerHardware is not supported: GPU does not support conservative rasterization
Scanning for USB devices : 0.192ms
Initializing Unity extensions:
[MODES] ModeService[none].Initialize
[MODES] ModeService[none].LoadModes
[MODES] Loading mode Default (0) for mode-current-id-Football Tower Defense
2026-08-24 09:39:40.515 Unity[8730:345792] NSEventModifierFlagFunction specified to -setKeyEquivalentModifierMask: for item <NSMenuItem: 0x358f1e220 SDF, ke='Command-F12'>, but is only supported for system-provided menu items; will not be used
Unloading 27 Unused Serialized files (Serialized files now loaded: 0)
Unloading 3731 unused Assets / (5.4 MB). Loaded Objects now: 4641.
Memory consumption went from 216.7 MB to 211.3 MB.
Total: 5.758709 ms (FindLiveObjects: 0.236709 ms CreateObjectMapping: 0.532459 ms MarkObjects: 4.123833 ms  DeleteObjects: 0.865542 ms)

Curl error 7: Failed to connect to config.uca.cloud.unity3d.com port 443 after 18 ms: Error
Importing 'GUID: e110005fae3db4da8851156050906537 - Path: Assets/_Project/Resources/BakedConfig.asset' with importer (NativeFormatImporter)
Imported 'GUID: e110005fae3db4da8851156050906537' -> (Import Result ID: '353c47ed3eae19748848f5c36fb8cf84') in 0.005 seconds [static dependencies only]. Details - ImportResultOutputID=200140d2301e094a91e7d1315f79be51 DependenciesID=18e7a425f114a9079534543996229364 StaticDependenciesID=5dcf0ce20fa627af1366341d7371b52c 
Asset Pipeline Refresh (id=5e925ef7aa39c4b0b9ee536ac9e345e4): Total: 0.108 seconds - Initiated by StopAssetImportingV2(NoUpdateAssetOptions)
[ConfigBaker] OK — 5 tướng, 3 quân, 20 wave, 12 ô · 11 map (m00, m01, m02, m03, m04, m05, m06, m07, m08, m09, m10) → Assets/_Project/Resources/BakedConfig.asset
UnityEngine.Debug:ExtractStackTraceNoAlloc (byte*,int,string)
UnityEngine.StackTraceUtility:ExtractStackTrace () (at /Users/bokken/build/output/unity/unity/Runtime/Export/Scripting/StackTrace.cs:35)
UnityEngine.DebugLogHandler:Internal_Log (UnityEngine.LogType,UnityEngine.LogOption,string,UnityEngine.Object)
UnityEngine.DebugLogHandler:LogFormat (UnityEngine.LogType,UnityEngine.Object,string,object[])
UnityEngine.Logger:Log (UnityEngine.LogType,object)
UnityEngine.Debug:Log (object)
LaMuralla.EditorTools.ConfigBaker:BakeOrThrow () (at Assets/_Project/Editor/ConfigBaker.cs:95)
LaMuralla.EditorTools.ConfigBaker:Bake () (at Assets/_Project/Editor/ConfigBaker.cs:30)

(Filename: Assets/_Project/Editor/ConfigBaker.cs Line: 95)

Thread 0x356caf000 may have been prematurely finalized
Batchmode quit successfully invoked - shutting down!
Curl error 7: Failed to connect to cdp.cloud.unity3d.com port 443 after 1 ms: Error
info: Microsoft.Hosting.Lifetime[0]
      Application is shutting down...
info: Unity.ILPP.Runner.PostProcessingAssemblyLoadContext[0]
      ALC ILPP context 1 is unloading
